// Jest Snapshot v1, https://goo.gl/fbAQLP

exports[`Learning Objective renders a learning objective and its steps to success 1`] = `null`;
